[www.webstrot.com/html/gracechurch/index.html]
[backblue.gif]
[fade.gif]
[index.html]
[www.webstrot.com/html/gracechurch/css/animate.css]
[www.webstrot.com/html/gracechurch/css/bootstrap.css]
[www.webstrot.com/html/gracechurch/css/font-awesome.css]
[www.webstrot.com/html/gracechurch/css/owl.carousel.css]
[www.webstrot.com/html/gracechurch/css/owl.theme.default.css]
[www.webstrot.com/html/gracechurch/css/magnific-popup.css]
[www.webstrot.com/html/gracechurch/css/fonts.css]
[www.webstrot.com/html/gracechurch/css/reset.css]
[www.webstrot.com/html/gracechurch/js/plugin/rs_slider/layers.css]
[www.webstrot.com/html/gracechurch/js/plugin/rs_slider/navigation.css]
[www.webstrot.com/html/gracechurch/js/plugin/rs_slider/settings.css]
[www.webstrot.com/html/gracechurch/css/style.css]
[www.webstrot.com/html/gracechurch/images/header/favicon.png]
[www.webstrot.com/html/gracechurch/images/header/preloader.gif]
[www.webstrot.com/html/gracechurch/images/header/logo.png]
[www.webstrot.com/html/gracechurch/index2.html]
[www.webstrot.com/html/gracechurch/index3.html]
[www.webstrot.com/html/gracechurch/about.html]
[www.webstrot.com/html/gracechurch/causes.html]
[www.webstrot.com/html/gracechurch/causes_single.html]
[www.webstrot.com/html/gracechurch/upcoming.html]
[www.webstrot.com/html/gracechurch/event_single.html]
[www.webstrot.com/html/gracechurch/sermons.html]
[www.webstrot.com/html/gracechurch/sermons_single.html]
[www.webstrot.com/html/gracechurch/gallery_II.html]
[www.webstrot.com/html/gracechurch/gallery_III.html]
[www.webstrot.com/html/gracechurch/gallery_IV.html]
[www.webstrot.com/html/gracechurch/blog_categories.html]
[www.webstrot.com/html/gracechurch/blog_single.html]
[www.webstrot.com/html/gracechurch/contact.html]
[www.webstrot.com/html/gracechurch/images/header/slider_img.jpg]
[www.webstrot.com/html/gracechurch/images/header/slider_logo.png]
[www.webstrot.com/html/gracechurch/images/content/serm_img1.jpg]
[www.webstrot.com/html/gracechurch/images/header/gc_title_icon.png]
[www.webstrot.com/html/gracechurch/images/content/recent_img1.jpg]
[www.webstrot.com/html/gracechurch/images/content/recent_img2.jpg]
[www.webstrot.com/html/gracechurch/images/content/recent_img3.jpg]
[www.webstrot.com/html/gracechurch/images/content/about_img.jpg]
[www.webstrot.com/html/gracechurch/images/content/event_img1.jpg]
[www.webstrot.com/html/gracechurch/images/content/event_img2.jpg]
[www.webstrot.com/html/gracechurch/images/content/event_img3.jpg]
[www.webstrot.com/html/gracechurch/images/content/event_img4.jpg]
[www.webstrot.com/html/gracechurch/images/content/event_img5.jpg]
[www.webstrot.com/html/gracechurch/images/content/event_img6.jpg]
[www.webstrot.com/html/gracechurch/images/content/testi_slider_logo.png]
[www.webstrot.com/html/gracechurch/images/content/gallery/filter_img1.jpg]
[www.webstrot.com/html/gracechurch/images/content/gallery/filter_img2.jpg]
[www.webstrot.com/html/gracechurch/images/content/gallery/filter_img3.jpg]
[www.webstrot.com/html/gracechurch/images/content/gallery/filter_img4.jpg]
[www.webstrot.com/html/gracechurch/images/content/gallery/filter_img5.jpg]
[www.webstrot.com/html/gracechurch/images/content/gallery/filter_img6.jpg]
[www.webstrot.com/html/gracechurch/images/content/serm_img2.jpg]
[www.webstrot.com/html/gracechurch/images/content/serm_img3.jpg]
[www.webstrot.com/html/gracechurch/images/content/serm_img4.jpg]
[www.webstrot.com/html/gracechurch/images/content/serm_img5.jpg]
[www.webstrot.com/html/gracechurch/images/content/blog_img1.jpg]
[www.webstrot.com/html/gracechurch/images/content/blog_img2.jpg]
[www.webstrot.com/html/gracechurch/images/content/client_img.jpg]
[www.webstrot.com/html/gracechurch/images/content/panel_img.jpg]
[www.webstrot.com/html/gracechurch/images/content/play.png]
[www.webstrot.com/html/gracechurch/images/content/logo01.png]
[www.webstrot.com/html/gracechurch/images/content/logo02.png]
[www.webstrot.com/html/gracechurch/images/content/logo03.png]
[www.webstrot.com/html/gracechurch/images/content/logo04.png]
[www.webstrot.com/html/gracechurch/images/content/logo05.png]
[www.webstrot.com/html/gracechurch/images/content/logo07.png]
[www.webstrot.com/html/gracechurch/images/header/map_icon.png]
[www.webstrot.com/html/gracechurch/images/header/footer_logo.png]
[www.webstrot.com/html/gracechurch/images/content/footer_news1.jpg]
[www.webstrot.com/html/gracechurch/images/content/footer_news2.jpg]
[www.webstrot.com/html/gracechurch/images/content/footer_insta_img1.jpg]
[www.webstrot.com/html/gracechurch/images/content/footer_insta_img2.jpg]
[www.webstrot.com/html/gracechurch/images/content/footer_insta_img3.jpg]
[www.webstrot.com/html/gracechurch/images/content/footer_insta_img4.jpg]
[www.webstrot.com/html/gracechurch/images/content/footer_insta_img5.jpg]
[www.webstrot.com/html/gracechurch/images/content/footer_insta_img6.jpg]
[www.webstrot.com/html/gracechurch/js/jquery_min.js]
[www.webstrot.com/html/gracechurch/js/bootstrap.js]
[www.webstrot.com/html/gracechurch/js/jquery.magnific-popup.js]
[www.webstrot.com/html/gracechurch/js/jquery.menu-aim.js]
[www.webstrot.com/html/gracechurch/js/owl.carousel.js]
[www.webstrot.com/html/gracechurch/js/jquery.shuffle.min.js]
[www.webstrot.com/html/gracechurch/js/modernizr.js]
[www.webstrot.com/html/gracechurch/js/jquery.countTo.js]
[www.webstrot.com/html/gracechurch/js/jquery.inview.min.js]
[www.webstrot.com/html/gracechurch/js/plugin/rs_slider/jquery.themepunch.revolution.min.js]
[www.webstrot.com/html/gracechurch/js/plugin/rs_slider/jquery.themepunch.tools.min.js]
[www.webstrot.com/html/gracechurch/js/plugin/rs_slider/revolution.addon.snow.min.js]
[www.webstrot.com/html/gracechurch/js/plugin/rs_slider/revolution.extension.actions.min.js]
[www.webstrot.com/html/gracechurch/js/plugin/rs_slider/revolution.extension.carousel.min.js]
[www.webstrot.com/html/gracechurch/js/plugin/rs_slider/revolution.extension.kenburn.min.js]
[www.webstrot.com/html/gracechurch/js/plugin/rs_slider/revolution.extension.layeranimation.min.js]
[www.webstrot.com/html/gracechurch/js/plugin/rs_slider/revolution.extension.migration.min.js]
[www.webstrot.com/html/gracechurch/js/plugin/rs_slider/revolution.extension.navigation.min.js]
[www.webstrot.com/html/gracechurch/js/plugin/rs_slider/revolution.extension.parallax.min.js]
[www.webstrot.com/html/gracechurch/js/plugin/rs_slider/revolution.extension.slideanims.min.js]
[www.webstrot.com/html/gracechurch/js/plugin/rs_slider/revolution.extension.video.min.js]
[www.webstrot.com/html/gracechurch/index.html]
[www.webstrot.com/html/gracechurch/css/animate.css]
[www.webstrot.com/html/gracechurch/js/custom.js]
[www.webstrot.com/html/gracechurch/fonts/glyphicons-halflings-regular.eot]
[www.webstrot.com/html/gracechurch/fonts/glyphicons-halflings-regulard41d.eot]
[www.webstrot.com/html/gracechurch/fonts/glyphicons-halflings-regular.woff2]
[www.webstrot.com/html/gracechurch/fonts/glyphicons-halflings-regular.woff]
[www.webstrot.com/html/gracechurch/fonts/glyphicons-halflings-regular.ttf]
[www.webstrot.com/html/gracechurch/css/bootstrap.css]
[www.webstrot.com/html/gracechurch/fonts/glyphicons-halflings-regular.svg]
[www.webstrot.com/html/gracechurch/fonts/fontawesome-webfont3e6e.eot]
[www.webstrot.com/html/gracechurch/fonts/fontawesome-webfontd41d.eot]
[www.webstrot.com/html/gracechurch/fonts/fontawesome-webfont3e6e.woff2]
[www.webstrot.com/html/gracechurch/fonts/fontawesome-webfont3e6e.woff]
[www.webstrot.com/html/gracechurch/fonts/fontawesome-webfont3e6e.ttf]
[www.webstrot.com/html/gracechurch/css/font-awesome.css]
[www.webstrot.com/html/gracechurch/fonts/fontawesome-webfont3e6e.svg]
[webstrot.com/html/gracechurch/css/owl.video.play.79.delayed]
[www.webstrot.com/html/gracechurch/css/owl.carousel.css]
[www.webstrot.com/html/gracechurch/css/owl.theme.default.css]
[www.webstrot.com/html/gracechurch/css/magnific-popup.css]
[www.webstrot.com/html/gracechurch/css/fonts.css]
[www.webstrot.com/html/gracechurch/css/reset.css]
[www.webstrot.com/html/gracechurch/js/plugin/rs_slider/layers.css]
[www.webstrot.com/html/gracechurch/js/plugin/rs_slider/navigation.css]
[www.webstrot.com/html/gracechurch/js/plugin/fonts/revicons/revicons90c6.eot]
[www.webstrot.com/html/gracechurch/js/plugin/fonts/revicons/revicons90c6.woff]
[www.webstrot.com/html/gracechurch/js/plugin/fonts/revicons/revicons90c6.ttf]
[www.webstrot.com/html/gracechurch/js/plugin/fonts/revicons/revicons90c6.svg]
[webstrot.com/html/gracechurch/js/plugin/assets/gridtile.8d.delayed]
[webstrot.com/html/gracechurch/js/plugin/assets/gridtile_white.png]
[webstrot.com/html/gracechurch/js/plugin/assets/gridtile_3x3.png]
[webstrot.com/html/gracechurch/js/plugin/assets/gridtile_3x3_white.png]
[webstrot.com/html/gracechurch/js/plugin/assets/coloredbg.png]
[webstrot.com/html/gracechurch/js/plugin/assets/loader.gif]
[www.webstrot.com/html/gracechurch/js/plugin/rs_slider/settings.css]
[www.webstrot.com/html/gracechurch/images/content/player_img.jpg]
[www.webstrot.com/html/gracechurch/images/content/about_bg.jpg]
[www.webstrot.com/html/gracechurch/images/content/testi_slider_bg.jpg]
[www.webstrot.com/html/gracechurch/images/content/sermons_bg.jpg]
[www.webstrot.com/html/gracechurch/images/content/testi_bg.jpg]
[www.webstrot.com/html/gracechurch/images/content/ceremony_img.jpg]
[www.webstrot.com/html/gracechurch/images/content/video_bg.jpg]
[www.webstrot.com/html/gracechurch/images/content/footer_bg.jpg]
[www.webstrot.com/html/gracechurch/images/content/about/title_img.jpg]
[www.webstrot.com/html/gracechurch/css/style.css]
[www.webstrot.com/html/gracechurch/css/style2.css]
[www.webstrot.com/html/gracechurch/images/header/event_icon.png]
[www.webstrot.com/html/gracechurch/images/content/causes/causes_single_img1.jpg]
[www.webstrot.com/html/gracechurch/images/content/twitter_icon.png]
[www.webstrot.com/html/gracechurch/index2.html]
[www.webstrot.com/html/gracechurch/js/custom2.js]
[www.webstrot.com/html/gracechurch/css/style3.css]
[www.webstrot.com/html/gracechurch/images/header/index3_slider_img1.jpg]
[www.webstrot.com/html/gracechurch/images/header/index3_slider_img2.jpg]
[www.webstrot.com/html/gracechurch/images/header/index3_slider_img3.jpg]
[www.webstrot.com/html/gracechurch/index3.html]
[www.webstrot.com/html/gracechurch/js/custom3.js]
[www.webstrot.com/html/gracechurch/images/content/about/story_img.jpg]
[www.webstrot.com/html/gracechurch/images/content/about/team1.jpg]
[www.webstrot.com/html/gracechurch/about.html]
[www.webstrot.com/html/gracechurch/images/content/causes/recent_img1.jpg]
[www.webstrot.com/html/gracechurch/images/content/causes/recent_img2.jpg]
[www.webstrot.com/html/gracechurch/images/content/causes/recent_img3.jpg]
[www.webstrot.com/html/gracechurch/causes.html]
[www.webstrot.com/html/gracechurch/causes_single.html]
[www.webstrot.com/html/gracechurch/upcoming.html]
[www.webstrot.com/html/gracechurch/images/content/blog_categories/left_img1.jpg]
[www.webstrot.com/html/gracechurch/images/content/blog_categories/left_img2.jpg]
[www.webstrot.com/html/gracechurch/images/content/blog_categories/left_img3.jpg]
[www.webstrot.com/html/gracechurch/event_single.html]
[www.webstrot.com/html/gracechurch/sermons.html]
[www.webstrot.com/html/gracechurch/images/content/blog_categories/quote.png]
[www.webstrot.com/html/gracechurch/images/content/blog_categories/single_img1.jpg]
[www.webstrot.com/html/gracechurch/images/content/blog_categories/single_img2.jpg]
[www.webstrot.com/html/gracechurch/images/content/blog_categories/single_img3.jpg]
[www.webstrot.com/html/gracechurch/images/content/blog_categories/admin_img.jpg]
[www.webstrot.com/html/gracechurch/images/content/blog_categories/comment_img1.jpg]
[www.webstrot.com/html/gracechurch/images/content/blog_categories/comment_img2.jpg]
[www.webstrot.com/html/gracechurch/images/content/blog_categories/comment_img3.jpg]
[www.webstrot.com/html/gracechurch/images/content/blog_categories/comment_img4.jpg]
[www.webstrot.com/html/gracechurch/images/content/footer_news3.jpg]
[www.webstrot.com/html/gracechurch/sermons_single.html]
[www.webstrot.com/html/gracechurch/images/content/gallery/filter_img7.jpg]
[www.webstrot.com/html/gracechurch/images/content/gallery/filter_img8.jpg]
[www.webstrot.com/html/gracechurch/gallery_II.html]
[www.webstrot.com/html/gracechurch/gallery_III.html]
[www.webstrot.com/html/gracechurch/gallery_IV.html]
[www.webstrot.com/html/gracechurch/blog_categories.html]
[www.webstrot.com/html/gracechurch/blog_single.html]
[www.webstrot.com/html/gracechurch/contact.html]
[www.webstrot.com/html/gracechurch/js/jquery_min.js]
[webstrot.com/html/gracechurch/Popover requires tooltip.c0.delayed]
[www.webstrot.com/html/gracechurch/js/bootstrap.js]
[www.webstrot.com/html/gracechurch/js/jquery.magnific-popup.js]
[www.webstrot.com/html/gracechurch/js/jquery.menu-aim.js]
[www.webstrot.com/html/gracechurch/js/owl.carousel.js]
[www.webstrot.com/html/gracechurch/js/jquery.shuffle.min.js]
[www.webstrot.com/html/gracechurch/js/modernizr.js]
[www.webstrot.com/html/gracechurch/js/jquery.countTo.js]
[www.webstrot.com/html/gracechurch/js/jquery.inview.min.js]
[webstrot.com/html/gracechurch/themepunch.revolution.min.js]
[webstrot.com/html/gracechurch/jquery.themepunch.revolution.min.js]
[webstrot.com/html/gracechurch/jquery.themepunch.revolution.js]
[webstrot.com/html/gracechurch/images/transparent.png]
[webstrot.com/html/gracechurch/assets/transparent.png]
[www.webstrot.com/html/gracechurch/js/plugin/rs_slider/jquery.themepunch.revolution.min.js]
[webstrot.com/html/gracechurch/TweenLite.js]
[webstrot.com/html/TweenLite.js]
[www.webstrot.com/html/gracechurch/js/plugin/rs_slider/jquery.themepunch.tools.min.js]
[www.webstrot.com/html/gracechurch/js/plugin/rs_slider/revolution.addon.snow.min.js]
[www.webstrot.com/html/gracechurch/js/plugin/rs_slider/revolution.extension.actions.min.js]
[www.webstrot.com/html/gracechurch/js/plugin/rs_slider/revolution.extension.carousel.min.js]
[www.webstrot.com/html/gracechurch/js/plugin/rs_slider/revolution.extension.kenburn.min.js]
[www.webstrot.com/html/gracechurch/js/plugin/rs_slider/revolution.extension.layeranimation.min.js]
[www.webstrot.com/html/gracechurch/js/plugin/rs_slider/revolution.extension.migration.min.js]
[www.webstrot.com/html/gracechurch/js/plugin/rs_slider/revolution.extension.navigation.min.js]
[www.webstrot.com/html/gracechurch/js/plugin/rs_slider/revolution.extension.parallax.min.js]
[www.webstrot.com/html/gracechurch/js/plugin/rs_slider/revolution.extension.slideanims.min.js]
[www.webstrot.com/html/gracechurch/js/plugin/rs_slider/revolution.extension.video.min.js]
[www.webstrot.com/html/gracechurch/js/custom.js]
[www.webstrot.com/html/gracechurch/fonts/glyphicons-halflings-regular.svg]
[www.webstrot.com/html/gracechurch/fonts/fontawesome-webfont3e6e.svg]
[webstrot.com/html/gracechurch/css/owl.video.play.html]
[www.webstrot.com/html/gracechurch/js/plugin/fonts/revicons/revicons90c6.svg]
[webstrot.com/html/gracechurch/js/plugin/assets/gridtile.html]
[webstrot.com/html/gracechurch/js/plugin/assets/gridtile_white.html]
[webstrot.com/html/gracechurch/js/plugin/assets/gridtile_3x3.html]
[webstrot.com/html/gracechurch/js/plugin/assets/gridtile_3x3_white.html]
[webstrot.com/html/gracechurch/js/plugin/assets/coloredbg.html]
[webstrot.com/html/gracechurch/js/plugin/assets/loader.html]
[www.webstrot.com/html/gracechurch/images/header/slider_img2.jpg]
[www.webstrot.com/html/gracechurch/images/content/timerdot.png]
[www.webstrot.com/html/gracechurch/css/style2.css]
[www.webstrot.com/html/gracechurch/js/custom2.js]
[www.webstrot.com/html/gracechurch/css/style3.css]
[www.webstrot.com/html/gracechurch/js/custom3.js]
[webstrot.com/html/gracechurch/Popover requires tooltip.html]
[webstrot.com/html/gracechurch/themepunch.revolution.min.html]
[webstrot.com/html/gracechurch/jquery.themepunch.revolution.min.html]
[webstrot.com/html/gracechurch/jquery.themepunch.revolution.html]
[webstrot.com/html/gracechurch/images/transparent.html]
[webstrot.com/html/gracechurch/assets/transparent.html]
[webstrot.com/html/gracechurch/TweenLite.html]
[webstrot.com/html/TweenLite.html]
[www.webstrot.com/html/gracechurch/Version/index.html]
[secure-a.vimeocdn.com/js/froogaloop2.min.html]
